<?xml version="1.0" encoding="utf-8"?><testsuites name="pytest tests"><testsuite name="pytest" errors="0" failures="0" skipped="3" tests="84" time="4.633" timestamp="2025-10-30T00:30:36.252288+02:00" hostname="SeanMiniPC"><testcase classname="" name="tests.test_capture_server" time="0.000"><skipped message="collection skipped">('C:\\Users\\steyn\\OneDrive\\ApexSigma\\Omega_KG\\tests\\test_capture_server.py', 16, 'Skipped: Tested functions not implemented yet')</skipped></testcase><testcase classname="" name="tests.test_troubleshoot_extension" time="0.000"><skipped message="collection skipped">('C:\\Users\\steyn\\OneDrive\\ApexSigma\\Omega_KG\\tests\\test_troubleshoot_extension.py', 8, 'Skipped: Tested module not implemented yet')</skipped></testcase><testcase classname="" name="tests.test_verify_system" time="0.000"><skipped message="collection skipped">('C:\\Users\\steyn\\OneDrive\\ApexSigma\\Omega_KG\\tests\\test_verify_system.py', 8, 'Skipped: Tested module not implemented yet')</skipped></testcase><testcase classname="tests.test_check_nodes.TestCheckNodes" name="test_check_nodes_with_tasks" time="0.086" /><testcase classname="tests.test_check_nodes.TestCheckNodes" name="test_check_nodes_script_execution" time="0.932" /><testcase classname="tests.test_cli.TestCLI" name="test_init_command" time="0.002" /><testcase classname="tests.test_cli.TestCLI" name="test_lifecycle_command_dry_run" time="0.002" /><testcase classname="tests.test_cli.TestCLI" name="test_lifecycle_command_with_email" time="0.002" /><testcase classname="tests.test_cli.TestCLI" name="test_stats_command_connected" time="0.003" /><testcase classname="tests.test_cli.TestCLI" name="test_stats_command_mock_mode" time="0.002" /><testcase classname="tests.test_cli.TestCLI" name="test_stale_command" time="0.001" /><testcase classname="tests.test_cli.TestCLI" name="test_stale_command_no_stale_tasks" time="0.001" /><testcase classname="tests.test_cli.TestCLI" name="test_sync_command" time="0.002" /><testcase classname="tests.test_cli.TestCLI" name="test_sync_command_mock_mode" time="0.002" /><testcase classname="tests.test_cli.TestCLI" name="test_status_command" time="0.003" /><testcase classname="tests.test_cli.TestCLI" name="test_status_command_mock_mode" time="2.675" /><testcase classname="tests.test_cli.TestCLI" name="test_report_command" time="0.002" /><testcase classname="tests.test_cli.TestCLI" name="test_report_command_with_email" time="0.001" /><testcase classname="tests.test_lifecycle.TestTaskStatus" name="test_task_status_values" time="0.000" /><testcase classname="tests.test_lifecycle.TestTaskStatus" name="test_task_status_enum_length" time="0.000" /><testcase classname="tests.test_lifecycle.TestLifecycleRule" name="test_lifecycle_rule_creation" time="0.000" /><testcase classname="tests.test_lifecycle.TestLifecycleRule" name="test_lifecycle_rule_default_action" time="0.000" /><testcase classname="tests.test_lifecycle.TestTaskLifecycle" name="test_task_lifecycle_initialization" time="0.003" /><testcase classname="tests.test_lifecycle.TestTaskLifecycle" name="test_lifecycle_rules_defined" time="0.001" /><testcase classname="tests.test_lifecycle.TestTaskLifecycle" name="test_first_rule_draft_archival" time="0.000" /><testcase classname="tests.test_lifecycle.TestTaskLifecycle" name="test_second_rule_draft_warning" time="0.000" /><testcase classname="tests.test_lifecycle.TestTaskLifecycle" name="test_third_rule_active_stale" time="0.000" /><testcase classname="tests.test_lifecycle.TestTaskLifecycle" name="test_fourth_rule_completed_archival" time="0.000" /><testcase classname="tests.test_lifecycle.TestTaskLifecycleEnforcement" name="test_enforce_lifecycle_dry_run" time="0.003" /><testcase classname="tests.test_lifecycle.TestTaskLifecycleEnforcement" name="test_enforce_lifecycle_returns_dict" time="0.003" /><testcase classname="tests.test_lifecycle.TestTaskLifecycleMockMode" name="test_task_lifecycle_mock_mode_init" time="0.001" /><testcase classname="tests.test_lifecycle.TestTaskLifecycleMockMode" name="test_task_lifecycle_mock_mode_enforce" time="0.001" /><testcase classname="tests.test_lifecycle.TestTaskLifecycleMockMode" name="test_task_lifecycle_connection_status_mock" time="0.000" /><testcase classname="tests.test_lifecycle.TestTaskLifecycleMockMode" name="test_task_lifecycle_connection_status_real" time="0.003" /><testcase classname="tests.test_linear_sync.TestLinearSyncInitialization" name="test_linear_sync_init" time="0.001" /><testcase classname="tests.test_linear_sync.TestHandleLinearWebhook" name="test_handle_update_webhook" time="0.001" /><testcase classname="tests.test_linear_sync.TestHandleLinearWebhook" name="test_handle_remove_webhook" time="0.001" /><testcase classname="tests.test_linear_sync.TestSyncIssueUpdate" name="test_sync_issue_update_no_result" time="0.002" /><testcase classname="tests.test_linear_sync.TestHandleIssueDeletion" name="test_handle_issue_deletion" time="0.003" /><testcase classname="tests.test_neo4j" name="test_connection" time="0.061" /><testcase classname="tests.test_neo4j_schema_recovery.TestKnowledgeGraphSchema" name="test_schema_initialization_mock_mode" time="0.001" /><testcase classname="tests.test_neo4j_schema_recovery.TestKnowledgeGraphSchema" name="test_schema_initialize_mock_mode" time="0.001" /><testcase classname="tests.test_neo4j_schema_recovery.TestKnowledgeGraphSchema" name="test_schema_connection_status_mock" time="0.000" /><testcase classname="tests.test_neo4j_schema_recovery.TestKnowledgeGraphSchema" name="test_schema_close_mock_mode" time="0.000" /><testcase classname="tests.test_neo4j_schema_recovery.TestKnowledgeGraphSchema" name="test_schema_initialization_with_driver" time="0.003" /><testcase classname="tests.test_neo4j_schema_recovery.TestKnowledgeGraphSchema" name="test_schema_connection_status_with_driver" time="0.003" /><testcase classname="tests.test_obsidian_sync_recovery.TestObsidianSyncMockMode" name="test_obsidian_sync_mock_mode_init" time="0.001" /><testcase classname="tests.test_obsidian_sync_recovery.TestObsidianSyncMockMode" name="test_obsidian_sync_connection_unavailable_fallback" time="0.001" /><testcase classname="tests.test_obsidian_sync_recovery.TestObsidianSyncMockMode" name="test_obsidian_sync_auth_error_fallback" time="0.001" /><testcase classname="tests.test_obsidian_sync_recovery.TestObsidianSyncConnectionStatus" name="test_connection_status_mock_mode" time="0.001" /><testcase classname="tests.test_obsidian_sync_recovery.TestObsidianSyncConnectionStatus" name="test_connection_status_connected" time="0.002" /><testcase classname="tests.test_obsidian_sync_recovery.TestObsidianSyncOperations" name="test_sync_all_tasks_mock_mode" time="0.001" /><testcase classname="tests.test_obsidian_sync_recovery.TestObsidianSyncOperations" name="test_sync_task_note_mock_mode" time="0.001" /><testcase classname="tests.test_obsidian_sync_recovery.TestObsidianSyncOperations" name="test_get_stale_tasks_mock_mode" time="0.001" /><testcase classname="tests.test_obsidian_sync_recovery.TestObsidianSyncOperations" name="test_get_stale_tasks_no_driver" time="0.001" /><testcase classname="tests.test_obsidian_sync_recovery.TestObsidianSyncOperations" name="test_get_stale_tasks_connection_lost" time="0.002" /><testcase classname="tests.test_obsidian_sync_recovery.TestObsidianSyncConnectionCheck" name="test_check_connection_health" time="0.002" /><testcase classname="tests.test_obsidian_sync_recovery.TestObsidianSyncConnectionCheck" name="test_check_connection_no_driver" time="0.001" /><testcase classname="tests.test_obsidian_sync_recovery.TestObsidianSyncConnectionCheck" name="test_check_connection_query_fails" time="0.002" /><testcase classname="tests.test_obsidian_sync_recovery.TestObsidianSyncCleanup" name="test_close_with_driver" time="0.002" /><testcase classname="tests.test_obsidian_sync_recovery.TestObsidianSyncCleanup" name="test_close_without_driver" time="0.000" /><testcase classname="tests.test_percolation.TestPercolationEngine" name="test_initialization" time="0.001" /><testcase classname="tests.test_percolation.TestPercolationEngine" name="test_percolate_from_vault" time="0.003" /><testcase classname="tests.test_percolation.TestPercolationEngine" name="test_extract_frontmatter_valid" time="0.001" /><testcase classname="tests.test_percolation.TestPercolationEngine" name="test_extract_frontmatter_no_frontmatter" time="0.001" /><testcase classname="tests.test_percolation.TestPercolationEngine" name="test_extract_frontmatter_malformed" time="0.001" /><testcase classname="tests.test_percolation.TestPercolationEngine" name="test_percolate_task" time="0.002" /><testcase classname="tests.test_percolation.TestPercolationEngine" name="test_percolate_commits" time="0.002" /><testcase classname="tests.test_percolation.TestPercolationEngine" name="test_percolate_session" time="0.002" /><testcase classname="tests.test_percolation.TestPercolationEngine" name="test_generate_decision_id" time="0.001" /><testcase classname="tests.test_percolation.TestPercolationEngine" name="test_detect_stale_tasks" time="0.002" /><testcase classname="tests.test_percolation.TestPercolationEngine" name="test_create_percolation_engine" time="0.001" /><testcase classname="tests.test_poc.TestProofOfConcept" name="test_neo4j_connection" time="0.002" /><testcase classname="tests.test_poc.TestProofOfConcept" name="test_session_management" time="0.002" /><testcase classname="tests.test_poc.TestProofOfConcept" name="test_cypher_query_execution" time="0.002" /><testcase classname="tests.test_poc.TestProofOfConcept" name="test_data_ingestion" time="0.002" /><testcase classname="tests.test_query" name="test_task_count_query_structure" time="0.001" /><testcase classname="tests.test_query" name="test_single_task_query_structure" time="0.001" /><testcase classname="tests.test_settings" name="test_settings_load_from_env" time="0.006" /><testcase classname="tests.test_settings" name="test_settings_defaults" time="0.005" /><testcase classname="tests.test_settings" name="test_settings_singleton" time="0.001" /><testcase classname="tests.test_settings" name="test_settings_creates_valid_driver_config" time="0.005" /><testcase classname="tests.test_uids" name="test_uid_extraction_from_markdown" time="0.010" /><testcase classname="tests.test_uids" name="test_uid_extraction_missing_uid" time="0.004" /></testsuite></testsuites>